[themewar.com/html/topland/topbiz/index3.html]
[backblue.gif]
[fade.gif]
[index.html]
[themewar.com/html/topland/topbiz/css/bootstrap.css]
[themewar.com/html/topland/topbiz/css/prettyPhoto.css]
[themewar.com/html/topland/topbiz/css/rticons.css]
[themewar.com/html/topland/topbiz/css/settings.css]
[themewar.com/html/topland/topbiz/css/font-awesome.min.css]
[themewar.com/html/topland/topbiz/css/js-image-slider.css]
[themewar.com/html/topland/topbiz/css/preset.css]
[themewar.com/html/topland/topbiz/css/style.css]
[themewar.com/html/topland/topbiz/css/responsive.css]
[themewar.com/html/topland/topbiz/css/animate.css]
[themewar.com/html/topland/topbiz/css/colorpreset/wide.css]
[themewar.com/html/topland/topbiz/css/colorpreset/light.css]
[themewar.com/html/topland/topbiz/css/colorpreset/color8.css]
[themewar.com/html/topland/topbiz/images/favicon.png]
[themewar.com/html/topland/topbiz/color1]
[themewar.com/html/topland/topbiz/color2]
[themewar.com/html/topland/topbiz/color3]
[themewar.com/html/topland/topbiz/color4]
[themewar.com/html/topland/topbiz/color5]
[themewar.com/html/topland/topbiz/color6]
[themewar.com/html/topland/topbiz/color7]
[themewar.com/html/topland/topbiz/color8]
[themewar.com/html/topland/topbiz/color9]
[themewar.com/html/topland/topbiz/color10]
[themewar.com/html/topland/topbiz/light]
[themewar.com/html/topland/topbiz/dark]
[themewar.com/html/topland/topbiz/wide]
[themewar.com/html/topland/topbiz/images/preset/lay1.png]
[themewar.com/html/topland/topbiz/images/preset/lay1h.png]
[themewar.com/html/topland/topbiz/box]
[themewar.com/html/topland/topbiz/images/preset/lay2.png]
[themewar.com/html/topland/topbiz/images/preset/lay2h.png]
[themewar.com/html/topland/topbiz/bgOne]
[themewar.com/html/topland/topbiz/bgTwo]
[themewar.com/html/topland/topbiz/bgThree]
[themewar.com/html/topland/topbiz/bgFour]
[themewar.com/html/topland/topbiz/bgFive]
[themewar.com/html/topland/topbiz/index.html]
[themewar.com/html/topland/topbiz/images/logo.png]
[themewar.com/html/topland/topbiz/index2.html]
[themewar.com/html/topland/topbiz/index4.html]
[themewar.com/html/topland/topbiz/dark-2.html]
[themewar.com/html/topland/topbiz/box-2.html]
[themewar.com/html/topland/topbiz/folio1.html]
[themewar.com/html/topland/topbiz/folio2.html]
[themewar.com/html/topland/topbiz/folioSingle.html]
[themewar.com/html/topland/topbiz/blogGrid.html]
[themewar.com/html/topland/topbiz/blogSidebar.html]
[themewar.com/html/topland/topbiz/blogSingle.html]
[themewar.com/html/topland/topbiz/member.html]
[themewar.com/html/topland/topbiz/404.html]
[themewar.com/html/topland/topbiz/event.html]
[themewar.com/html/topland/topbiz/eventSingle.html]
[themewar.com/html/topland/topbiz/about.html]
[themewar.com/html/topland/topbiz/contact.html]
[themewar.com/html/topland/topbiz/images/home1/slider2.jpg]
[themewar.com/html/topland/topbiz/images/home2/sldCap2.png]
[themewar.com/html/topland/topbiz/images/home1/slider1.jpg]
[themewar.com/html/topland/topbiz/images/home1/sldCap1.png]
[themewar.com/html/topland/topbiz/images/home1/slider3.jpg]
[themewar.com/html/topland/topbiz/images/home3/sldCap3.png]
[themewar.com/html/topland/topbiz/images/logoBig.png]
[themewar.com/html/topland/topbiz/images/home1/feature1.png]
[themewar.com/html/topland/topbiz/images/home1/feature2.png]
[themewar.com/html/topland/topbiz/images/home1/feature3.png]
[themewar.com/html/topland/topbiz/images/home1/feature4.png]
[themewar.com/html/topland/topbiz/images/home1/mobile.png]
[themewar.com/html/topland/topbiz/images/home2/folio1.jpg]
[themewar.com/html/topland/topbiz/images/home1/folio1h.jpg]
[themewar.com/html/topland/topbiz/images/home2/folio2.jpg]
[themewar.com/html/topland/topbiz/images/home1/folio6h.jpg]
[themewar.com/html/topland/topbiz/images/home2/folio3.jpg]
[themewar.com/html/topland/topbiz/images/home1/folio9h.jpg]
[themewar.com/html/topland/topbiz/images/home2/folio4.jpg]
[themewar.com/html/topland/topbiz/images/home1/folio10h.jpg]
[themewar.com/html/topland/topbiz/images/home2/folio5.jpg]
[themewar.com/html/topland/topbiz/images/home1/folio3h.jpg]
[themewar.com/html/topland/topbiz/images/home2/folio6.jpg]
[themewar.com/html/topland/topbiz/images/home1/folio7h.jpg]
[themewar.com/html/topland/topbiz/images/home2/folio7.jpg]
[themewar.com/html/topland/topbiz/images/home1/folio11h.jpg]
[themewar.com/html/topland/topbiz/images/home2/folio8.jpg]
[themewar.com/html/topland/topbiz/images/home1/folio5h.jpg]
[themewar.com/html/topland/topbiz/images/home2/blog1.jpg]
[themewar.com/html/topland/topbiz/images/home2/blog2.jpg]
[themewar.com/html/topland/topbiz/images/home2/blog3.jpg]
[themewar.com/html/topland/topbiz/images/home2/blog4.jpg]
[themewar.com/html/topland/topbiz/images/home2/blog5.jpg]
[themewar.com/html/topland/topbiz/images/home2/blog6.jpg]
[themewar.com/html/topland/topbiz/images/backto.png]
[themewar.com/html/topland/topbiz/js/jquery.prettyPhoto.js]
[themewar.com/html/topland/topbiz/js/bootstrap.js]
[themewar.com/html/topland/topbiz/js/mixer.js]
[themewar.com/html/topland/topbiz/js/jquery.js]
[themewar.com/html/topland/topbiz/js/appear.js]
[themewar.com/html/topland/topbiz/js/modernizr.custom.js]
[themewar.com/html/topland/topbiz/js/circle-progress.js]
[themewar.com/html/topland/topbiz/js/directionHover.js]
[themewar.com/html/topland/topbiz/js/js-image-slider.js]
[themewar.com/html/topland/topbiz/js/jquery.themepunch.tools.min.js]
[themewar.com/html/topland/topbiz/js/jquery.themepunch.revolution.min.js]
[themewar.com/html/topland/topbiz/js/wow.min.js]
[themewar.com/html/topland/topbiz/index3.html]
[themewar.com/html/topland/topbiz/js/theme.js]
[themewar.com/html/topland/topbiz/fonts/glyphicons-halflings-regular.eot]
[themewar.com/html/topland/topbiz/fonts/glyphicons-halflings-regulard41d.eot]
[themewar.com/html/topland/topbiz/fonts/glyphicons-halflings-regular.woff2]
[themewar.com/html/topland/topbiz/fonts/glyphicons-halflings-regular.woff]
[themewar.com/html/topland/topbiz/fonts/glyphicons-halflings-regular.ttf]
[themewar.com/html/topland/topbiz/fonts/glyphicons-halflings-regular.svg]
[themewar.com/html/topland/topbiz/css/bootstrap.css]
[themewar.com/html/topland/topbiz/css/prettyPhoto.css]
[themewar.com/html/topland/topbiz/fonts/rt-icons.eot]
[themewar.com/html/topland/topbiz/fonts/rt-iconsd41d.eot]
[themewar.com/html/topland/topbiz/fonts/rt-icons.woff]
[themewar.com/html/topland/topbiz/fonts/rt-icons.ttf]
[themewar.com/html/topland/topbiz/css/rticons.css]
[themewar.com/html/topland/topbiz/font/revicons90c6.eot]
[themewar.com/html/topland/topbiz/font/revicons90c6.woff]
[themewar.com/html/topland/topbiz/font/revicons90c6.ttf]
[themewar.com/html/topland/topbiz/font/revicons90c6.svg]
[themewar.com/html/topland/topbiz/assets/gridtile.png]
[themewar.com/html/topland/topbiz/assets/gridtile_white.png]
[themewar.com/html/topland/topbiz/assets/gridtile_3x3.png]
[themewar.com/html/topland/topbiz/assets/gridtile_3x3_white.png]
[themewar.com/html/topland/topbiz/assets/shadow1.png]
[themewar.com/html/topland/topbiz/assets/shadow2.png]
[themewar.com/html/topland/topbiz/assets/shadow3.png]
[themewar.com/html/topland/topbiz/images/gradient/g30.png]
[themewar.com/html/topland/topbiz/images/gradient/g40.png]
[themewar.com/html/topland/topbiz/assets/boxed_bgtile.png]
[themewar.com/html/topland/topbiz/assets/navigdots_bgtile.png]
[themewar.com/html/topland/topbiz/assets/bullet.png]
[themewar.com/html/topland/topbiz/assets/bullets.png]
[themewar.com/html/topland/topbiz/assets/bullets2.png]
[themewar.com/html/topland/topbiz/assets/bullet_boxed.png]
[themewar.com/html/topland/topbiz/assets/navigdots.png]
[themewar.com/html/topland/topbiz/assets/arrowleft.png]
[themewar.com/html/topland/topbiz/assets/arrowright.png]
[themewar.com/html/topland/topbiz/assets/arrow_left2.png]
[themewar.com/html/topland/topbiz/assets/arrow_right2.png]
[themewar.com/html/topland/topbiz/assets/large_left.png]
[themewar.com/html/topland/topbiz/assets/large_right.png]
[themewar.com/html/topland/topbiz/assets/coloredbg.png]
[themewar.com/html/topland/topbiz/css/settings.css]
[themewar.com/html/topland/topbiz/fonts/fontawesome-webfonte0a5.eot]
[themewar.com/html/topland/topbiz/fonts/fontawesome-webfontd41d.eot]
[themewar.com/html/topland/topbiz/fonts/fontawesome-webfonte0a5.woff]
[themewar.com/html/topland/topbiz/fonts/fontawesome-webfonte0a5.ttf]
[themewar.com/html/topland/topbiz/fonts/fontawesome-webfonte0a5.woff2]
[themewar.com/html/topland/topbiz/css/font-awesome.min.css]
[themewar.com/html/topland/topbiz/css/loading.gif]
[themewar.com/html/topland/topbiz/css/js-image-slider.css]
[themewar.com/html/topland/topbiz/css/preset.css]
[themewar.com/html/topland/topbiz/images/rectangle/slider.png]
[themewar.com/html/topland/topbiz/images/rectangle/slider2.png]
[themewar.com/html/topland/topbiz/images/rectangle/slider3.png]
[themewar.com/html/topland/topbiz/images/rectangle/testi.png]
[themewar.com/html/topland/topbiz/images/diagonal.png]
[themewar.com/html/topland/topbiz/images/rectangle/feature.png]
[themewar.com/html/topland/topbiz/images/home1/serviceBg.jpg]
[themewar.com/html/topland/topbiz/images/rectangle/service.png]
[themewar.com/html/topland/topbiz/images/home1/skillBg.jpg]
[themewar.com/html/topland/topbiz/images/rectangle/skill.png]
[themewar.com/html/topland/topbiz/images/rectangle/blog.png]
[themewar.com/html/topland/topbiz/images/home1/footerBg.jpg]
[themewar.com/html/topland/topbiz/images/folio1/breadBg.jpg]
[themewar.com/html/topland/topbiz/images/rectangle/folio1.png]
[themewar.com/html/topland/topbiz/images/about/minus.png]
[themewar.com/html/topland/topbiz/images/about/plus.png]
[themewar.com/html/topland/topbiz/images/member/funfactBg.jpg]
[themewar.com/html/topland/topbiz/images/rectangle/member.png]
[themewar.com/html/topland/topbiz/images/rectangle/contact.png]
[themewar.com/html/topland/topbiz/images/diagonalDark.png]
[themewar.com/html/topland/topbiz/images/preset/box/1.png]
[themewar.com/html/topland/topbiz/images/preset/box/2.png]
[themewar.com/html/topland/topbiz/images/preset/box/3.png]
[themewar.com/html/topland/topbiz/images/preset/box/4.png]
[themewar.com/html/topland/topbiz/images/preset/box/5.png]
[themewar.com/html/topland/topbiz/css/style.css]
[themewar.com/html/topland/topbiz/css/responsive.css]
[themewar.com/html/topland/topbiz/css/animate.css]
[themewar.com/html/topland/topbiz/css/colorpreset/wide.css]
[themewar.com/html/topland/topbiz/css/colorpreset/light.css]
[themewar.com/html/topland/topbiz/css/colorpreset/color8.css]
[themewar.com/html/topland/topbiz/color1.html]
[themewar.com/html/topland/topbiz/color2.html]
[themewar.com/html/topland/topbiz/color3.html]
[themewar.com/html/topland/topbiz/color4.html]
[themewar.com/html/topland/topbiz/color5.html]
[themewar.com/html/topland/topbiz/color6.html]
[themewar.com/html/topland/topbiz/color7.html]
[themewar.com/html/topland/topbiz/color8.html]
[themewar.com/html/topland/topbiz/color9.html]
[themewar.com/html/topland/topbiz/color10.html]
[themewar.com/html/topland/topbiz/light.html]
[themewar.com/html/topland/topbiz/dark.html]
[themewar.com/html/topland/topbiz/wide.html]
[themewar.com/html/topland/topbiz/box.html]
[themewar.com/html/topland/topbiz/bgOne.html]
[themewar.com/html/topland/topbiz/bgTwo.html]
[themewar.com/html/topland/topbiz/bgThree.html]
[themewar.com/html/topland/topbiz/bgFour.html]
[themewar.com/html/topland/topbiz/bgFive.html]
[themewar.com/html/topland/topbiz/images/home1/folio1.jpg]
[themewar.com/html/topland/topbiz/images/home1/folio2.jpg]
[themewar.com/html/topland/topbiz/images/home1/folio2h.jpg]
[themewar.com/html/topland/topbiz/images/home1/folio3.jpg]
[themewar.com/html/topland/topbiz/images/home1/folio4.jpg]
[themewar.com/html/topland/topbiz/images/home1/folio4h.jpg]
[themewar.com/html/topland/topbiz/images/home1/folio5.jpg]
[themewar.com/html/topland/topbiz/images/home1/folio6.jpg]
[themewar.com/html/topland/topbiz/images/home1/folio7.jpg]
[themewar.com/html/topland/topbiz/images/home1/folio8.jpg]
[themewar.com/html/topland/topbiz/images/home1/folio8h.jpg]
[themewar.com/html/topland/topbiz/images/home1/folio9.jpg]
[themewar.com/html/topland/topbiz/images/home1/blog1.jpg]
[themewar.com/html/topland/topbiz/images/home1/blog2.jpg]
[themewar.com/html/topland/topbiz/images/home1/blog3.jpg]
[themewar.com/html/topland/topbiz/index.html]
[themewar.com/html/topland/topbiz/css/slick.css]
[themewar.com/html/topland/topbiz/js/gmaps.js]
[themewar.com/html/topland/topbiz/images/home/caro1.jpg]
[themewar.com/html/topland/topbiz/images/home/caro2.jpg]
[themewar.com/html/topland/topbiz/images/home/caro3.jpg]
[themewar.com/html/topland/topbiz/images/home/caro4.jpg]
[themewar.com/html/topland/topbiz/images/home/caro5.jpg]
[themewar.com/html/topland/topbiz/images/home/testi.jpg]
[themewar.com/html/topland/topbiz/images/home/tabImg.png]
[themewar.com/html/topland/topbiz/images/home/tabTesti.jpg]
[themewar.com/html/topland/topbiz/images/home/tabTesti2.jpg]
[themewar.com/html/topland/topbiz/images/home/tabTesti3.jpg]
[themewar.com/html/topland/topbiz/images/about/team1.jpg]
[themewar.com/html/topland/topbiz/images/about/team2.jpg]
[themewar.com/html/topland/topbiz/images/about/team3.jpg]
[themewar.com/html/topland/topbiz/images/about/team4.jpg]
[themewar.com/html/topland/topbiz/index2.html]
[themewar.com/html/topland/topbiz/js/slick.js]
[themewar.com/html/topland/topbiz/css/colorpreset/color3.css]
[themewar.com/html/topland/topbiz/images/home3/folio1.jpg]
[themewar.com/html/topland/topbiz/images/home1/folio12h.jpg]
[themewar.com/html/topland/topbiz/images/home3/folio2.jpg]
[themewar.com/html/topland/topbiz/images/home3/folio3.jpg]
[themewar.com/html/topland/topbiz/images/home3/folio4.jpg]
[themewar.com/html/topland/topbiz/images/home3/folio5.jpg]
[themewar.com/html/topland/topbiz/images/home3/folio6.jpg]
[themewar.com/html/topland/topbiz/index4.html]
[themewar.com/html/topland/topbiz/css/jquery.heroCarousel.css]
[themewar.com/html/topland/topbiz/dark-2.html]
[themewar.com/html/topland/topbiz/css/colorpreset/dark.css]
[themewar.com/html/topland/topbiz/box-2.html]
[themewar.com/html/topland/topbiz/css/colorpreset/box.css]
[themewar.com/html/topland/topbiz/folio3.html]
[themewar.com/html/topland/topbiz/images/folio1/1.jpg]
[themewar.com/html/topland/topbiz/images/folio1/2.jpg]
[themewar.com/html/topland/topbiz/images/home1/folio15h.jpg]
[themewar.com/html/topland/topbiz/images/folio1/3.jpg]
[themewar.com/html/topland/topbiz/images/home1/folio14h.jpg]
[themewar.com/html/topland/topbiz/images/folio1/4.jpg]
[themewar.com/html/topland/topbiz/images/folio1/5.jpg]
[themewar.com/html/topland/topbiz/images/folio1/6.jpg]
[themewar.com/html/topland/topbiz/images/home1/folio16h.jpg]
[themewar.com/html/topland/topbiz/images/folio1/7.jpg]
[themewar.com/html/topland/topbiz/images/folio1/8.jpg]
[themewar.com/html/topland/topbiz/images/home1/folio13h.jpg]
[themewar.com/html/topland/topbiz/images/folio1/9.jpg]
[themewar.com/html/topland/topbiz/images/folio1/10.jpg]
[themewar.com/html/topland/topbiz/images/folio1/11.jpg]
[themewar.com/html/topland/topbiz/images/folio1/12.jpg]
[themewar.com/html/topland/topbiz/images/folio1/13.jpg]
[themewar.com/html/topland/topbiz/images/folio1/14.jpg]
[themewar.com/html/topland/topbiz/images/folio1/15.jpg]
[themewar.com/html/topland/topbiz/images/folio1/16.jpg]
[themewar.com/html/topland/topbiz/singleFolio.html]
[themewar.com/html/topland/topbiz/folio1.html]
[themewar.com/html/topland/topbiz/images/folio2/1.jpg]
[themewar.com/html/topland/topbiz/images/folio2/2.jpg]
[themewar.com/html/topland/topbiz/images/folio2/3.jpg]
[themewar.com/html/topland/topbiz/images/folio2/4.jpg]
[themewar.com/html/topland/topbiz/images/folio2/5.jpg]
[themewar.com/html/topland/topbiz/images/folio2/6.jpg]
[themewar.com/html/topland/topbiz/images/folio2/7.jpg]
[themewar.com/html/topland/topbiz/images/folio2/8.jpg]
[themewar.com/html/topland/topbiz/images/folio2/9.jpg]
[themewar.com/html/topland/topbiz/folio2.html]
[themewar.com/html/topland/topbiz/images/folioSingle/thumb.jpg]
[themewar.com/html/topland/topbiz/images/folioSingle/thumb2.jpg]
[themewar.com/html/topland/topbiz/images/folioSingle/thumb3.jpg]
[themewar.com/html/topland/topbiz/images/folioSingle/thumb4.jpg]
[themewar.com/html/topland/topbiz/images/folioSingle/thumb5.jpg]
[themewar.com/html/topland/topbiz/images/folio3/1.jpg]
[themewar.com/html/topland/topbiz/images/folio3/2.jpg]
[themewar.com/html/topland/topbiz/images/folio3/3.jpg]
[themewar.com/html/topland/topbiz/images/folio3/4.jpg]
[themewar.com/html/topland/topbiz/images/folio3/5.jpg]
[themewar.com/html/topland/topbiz/images/folio3/6.jpg]
[themewar.com/html/topland/topbiz/images/folio3/7.jpg]
[themewar.com/html/topland/topbiz/images/folio3/8.jpg]
[themewar.com/html/topland/topbiz/folioSingle.html]
[themewar.com/html/topland/topbiz/images/blogGrid/thumb1.jpg]
[themewar.com/html/topland/topbiz/images/blogGrid/thumb2.jpg]
[themewar.com/html/topland/topbiz/images/blogGrid/thumb3.jpg]
[themewar.com/html/topland/topbiz/images/blogGrid/thumb4.jpg]
[themewar.com/html/topland/topbiz/images/blogGrid/thumb5.jpg]
[themewar.com/html/topland/topbiz/images/blogGrid/thumb6.jpg]
[themewar.com/html/topland/topbiz/blogGrid.html]
[themewar.com/html/topland/topbiz/images/blogSidebar/thumb1.jpg]
[themewar.com/html/topland/topbiz/images/blogSidebar/leftThmb.jpg]
[themewar.com/html/topland/topbiz/images/blogSidebar/thumb2.jpg]
[themewar.com/html/topland/topbiz/images/blogSidebar/widget1.jpg]
[themewar.com/html/topland/topbiz/images/blogSidebar/widget2.jpg]
[themewar.com/html/topland/topbiz/images/blogSidebar/widget3.jpg]
[themewar.com/html/topland/topbiz/blogSidebar.html]
[themewar.com/html/topland/topbiz/images/blogSingle/thumb1.jpg]
[themewar.com/html/topland/topbiz/images/blogSingle/leftThumb.jpg]
[themewar.com/html/topland/topbiz/images/blogSingle/author.jpg]
[themewar.com/html/topland/topbiz/images/blogSingle/comment1.jpg]
[themewar.com/html/topland/topbiz/images/blogSingle/comment2.jpg]
[themewar.com/html/topland/topbiz/images/blogSingle/comment3.jpg]
[themewar.com/html/topland/topbiz/images/blogSingle/comment4.jpg]
[themewar.com/html/topland/topbiz/images/blogSingle/comment5.jpg]
[themewar.com/html/topland/topbiz/blogSingle.html]
[themewar.com/html/topland/topbiz/images/member/thumb.jpg]
[themewar.com/html/topland/topbiz/images/member/thumb2.jpg]
[themewar.com/html/topland/topbiz/images/member/thumb3.jpg]
[themewar.com/html/topland/topbiz/images/member/thumb4.jpg]
[themewar.com/html/topland/topbiz/images/member/thumb5.jpg]
[themewar.com/html/topland/topbiz/member.html]
[themewar.com/html/topland/topbiz/404.html]
[themewar.com/html/topland/topbiz/images/events/thumb1.jpg]
[themewar.com/html/topland/topbiz/images/events/thumb2.jpg]
[themewar.com/html/topland/topbiz/images/events/thumb3.jpg]
[themewar.com/html/topland/topbiz/images/events/thumb4.jpg]
[themewar.com/html/topland/topbiz/images/events/thumb5.jpg]
[themewar.com/html/topland/topbiz/images/events/thumb6.jpg]
[themewar.com/html/topland/topbiz/event.html]
[themewar.com/html/topland/topbiz/images/events/singleEvent.jpg]
[themewar.com/html/topland/topbiz/eventSingle.html]
[themewar.com/html/topland/topbiz/images/about/thumb.jpg]
[themewar.com/html/topland/topbiz/about.html]
[themewar.com/html/topland/topbiz/contact.html]
[themewar.com/html/topland/topbiz/fonts/glyphicons-halflings-regular.html]
[themewar.com/html/topland/topbiz/fonts/glyphicons-halflings-regulard41d.html]
[themewar.com/html/topland/topbiz/fonts/glyphicons-halflings-regular-2.html]
[themewar.com/html/topland/topbiz/fonts/glyphicons-halflings-regular-3.html]
[themewar.com/html/topland/topbiz/fonts/glyphicons-halflings-regular-4.html]
[themewar.com/html/topland/topbiz/fonts/glyphicons-halflings-regular-5.html]
[themewar.com/html/topland/topbiz/fonts/rt-icons.svg]
[themewar.com/html/topland/topbiz/font/revicons90c6.html]
[themewar.com/html/topland/topbiz/font/revicons90c6-2.html]
[themewar.com/html/topland/topbiz/font/revicons90c6-3.html]
[themewar.com/html/topland/topbiz/font/revicons90c6-4.html]
[themewar.com/html/topland/topbiz/assets/gridtile.html]
[themewar.com/html/topland/topbiz/assets/gridtile_white.html]
[themewar.com/html/topland/topbiz/assets/gridtile_3x3.html]
[themewar.com/html/topland/topbiz/assets/gridtile_3x3_white.html]
[themewar.com/html/topland/topbiz/assets/shadow1.html]
[themewar.com/html/topland/topbiz/assets/shadow2.html]
[themewar.com/html/topland/topbiz/assets/shadow3.html]
[themewar.com/html/topland/topbiz/images/gradient/g30.html]
[themewar.com/html/topland/topbiz/images/gradient/g40.html]
[themewar.com/html/topland/topbiz/assets/boxed_bgtile.html]
[themewar.com/html/topland/topbiz/assets/navigdots_bgtile.html]
[themewar.com/html/topland/topbiz/assets/bullet.html]
[themewar.com/html/topland/topbiz/assets/bullets.html]
[themewar.com/html/topland/topbiz/assets/bullets2.html]
[themewar.com/html/topland/topbiz/assets/bullet_boxed.html]
[themewar.com/html/topland/topbiz/assets/navigdots.html]
[themewar.com/html/topland/topbiz/assets/arrowleft.html]
[themewar.com/html/topland/topbiz/assets/arrowright.html]
[themewar.com/html/topland/topbiz/assets/arrow_left2.html]
[themewar.com/html/topland/topbiz/assets/arrow_right2.html]
[themewar.com/html/topland/topbiz/assets/large_left.html]
[themewar.com/html/topland/topbiz/assets/large_right.html]
[themewar.com/html/topland/topbiz/assets/coloredbg.html]
[themewar.com/html/topland/topbiz/fonts/fontawesome-webfonte0a5.svg]
[themewar.com/html/topland/topbiz/css/loading.html]
[themewar.com/html/topland/topbiz/css/colorpreset/color1.css]
[themewar.com/html/topland/topbiz/css/slick.css]
[themewar.com/html/topland/topbiz/css/colorpreset/color3.css]
[themewar.com/html/topland/topbiz/css/jquery.heroCarousel.html]
[themewar.com/html/topland/topbiz/images/rectangle/dark.png]
[themewar.com/html/topland/topbiz/images/rectangle/featureDark.png]
[themewar.com/html/topland/topbiz/images/about/minusDark.png]
[themewar.com/html/topland/topbiz/images/about/plusDark.png]
[themewar.com/html/topland/topbiz/css/colorpreset/dark.css]
[themewar.com/html/topland/topbiz/css/colorpreset/box.css]
[themewar.com/html/topland/topbiz/images/folio3/9.jpg]
[themewar.com/html/topland/topbiz/images/folio3/10.jpg]
[themewar.com/html/topland/topbiz/images/folio3/11.jpg]
[themewar.com/html/topland/topbiz/images/folio3/12.jpg]
[themewar.com/html/topland/topbiz/images/folio3/13.jpg]
[themewar.com/html/topland/topbiz/images/folio3/14.jpg]
[themewar.com/html/topland/topbiz/images/folio3/15.jpg]
[themewar.com/html/topland/topbiz/images/folio3/16.jpg]
[themewar.com/html/topland/topbiz/folio3.html]
[themewar.com/html/topland/topbiz/singleFolio.html]
